mode: set
github.com/lucasd-coder/pulseReceiver/cmd/app/main.go:14.13,18.17 3 0
github.com/lucasd-coder/pulseReceiver/cmd/app/main.go:19.13,20.35 1 0
github.com/lucasd-coder/pulseReceiver/cmd/app/main.go:21.10,22.31 1 0
github.com/lucasd-coder/pulseReceiver/cmd/app/main.go:25.2,26.16 2 0
github.com/lucasd-coder/pulseReceiver/cmd/app/main.go:26.16,28.3 1 0
github.com/lucasd-coder/pulseReceiver/cmd/app/main.go:29.2,30.15 2 0
github.com/lucasd-coder/pulseReceiver/config/config.go:62.35,64.2 1 0
github.com/lucasd-coder/pulseReceiver/config/config.go:66.26,68.2 1 0
github.com/lucasd-coder/pulseReceiver/internal/app/app.go:22.30,43.12 12 0
github.com/lucasd-coder/pulseReceiver/internal/app/app.go:43.12,45.48 2 0
github.com/lucasd-coder/pulseReceiver/internal/app/app.go:45.48,47.4 1 0
github.com/lucasd-coder/pulseReceiver/internal/app/app.go:51.2,52.12 2 0
github.com/lucasd-coder/pulseReceiver/internal/app/app.go:52.12,54.49 2 0
github.com/lucasd-coder/pulseReceiver/internal/app/app.go:54.49,56.4 1 0
github.com/lucasd-coder/pulseReceiver/internal/app/app.go:60.2,61.12 2 0
github.com/lucasd-coder/pulseReceiver/internal/app/app.go:61.12,63.56 2 0
github.com/lucasd-coder/pulseReceiver/internal/app/app.go:63.56,65.4 1 0
github.com/lucasd-coder/pulseReceiver/internal/app/app.go:69.2,82.38 7 0
github.com/lucasd-coder/pulseReceiver/internal/domain/usageaggregation/usageaggregation.go:38.56,40.2 1 0
github.com/lucasd-coder/pulseReceiver/internal/domain/usageaggregation/usageaggregation.go:42.50,43.14 1 1
github.com/lucasd-coder/pulseReceiver/internal/domain/usageaggregation/usageaggregation.go:43.14,45.3 1 1
github.com/lucasd-coder/pulseReceiver/internal/domain/usageaggregation/usageaggregation.go:47.2,54.3 1 1
github.com/lucasd-coder/pulseReceiver/internal/controller/controller.go:16.67,19.71 2 1
github.com/lucasd-coder/pulseReceiver/internal/controller/controller.go:19.71,21.3 1 1
github.com/lucasd-coder/pulseReceiver/internal/controller/controller.go:23.2,23.29 1 1
github.com/lucasd-coder/pulseReceiver/internal/controller/controller.go:23.29,24.40 1 1
github.com/lucasd-coder/pulseReceiver/internal/controller/controller.go:24.40,26.4 1 1
github.com/lucasd-coder/pulseReceiver/internal/controller/controller.go:29.2,29.10 1 1
github.com/lucasd-coder/pulseReceiver/internal/controller/controller.go:32.87,36.2 2 1
github.com/lucasd-coder/pulseReceiver/internal/controller/controller.go:38.109,44.17 4 1
github.com/lucasd-coder/pulseReceiver/internal/controller/controller.go:44.17,46.3 1 1
github.com/lucasd-coder/pulseReceiver/internal/controller/controller.go:48.2,49.16 2 1
github.com/lucasd-coder/pulseReceiver/internal/controller/controller.go:49.16,51.3 1 0
github.com/lucasd-coder/pulseReceiver/internal/controller/controller.go:53.2,53.44 1 1
github.com/lucasd-coder/pulseReceiver/internal/controller/controller.go:53.44,55.3 1 0
github.com/lucasd-coder/pulseReceiver/internal/controller/usageaggregation.go:18.96,22.2 1 1
github.com/lucasd-coder/pulseReceiver/internal/controller/usageaggregation.go:24.83,31.60 4 1
github.com/lucasd-coder/pulseReceiver/internal/controller/usageaggregation.go:31.60,36.3 4 1
github.com/lucasd-coder/pulseReceiver/internal/controller/usageaggregation.go:38.2,38.66 1 1
github.com/lucasd-coder/pulseReceiver/internal/controller/usageaggregation.go:38.66,41.3 2 0
github.com/lucasd-coder/pulseReceiver/internal/controller/usageaggregation.go:43.2,43.40 1 1
github.com/lucasd-coder/pulseReceiver/internal/domain/usageaggregation/repository/repository.go:17.79,21.2 1 1
github.com/lucasd-coder/pulseReceiver/internal/domain/usageaggregation/repository/repository.go:23.112,35.2 3 1
github.com/lucasd-coder/pulseReceiver/internal/domain/usageaggregation/repository/repository.go:40.48,57.2 6 1
github.com/lucasd-coder/pulseReceiver/internal/domain/usageaggregation/repository/repository.go:59.116,67.16 3 1
github.com/lucasd-coder/pulseReceiver/internal/domain/usageaggregation/repository/repository.go:67.16,69.3 1 0
github.com/lucasd-coder/pulseReceiver/internal/domain/usageaggregation/repository/repository.go:70.2,70.21 1 1
github.com/lucasd-coder/pulseReceiver/internal/domain/usageaggregation/repository/repository.go:78.9,85.13 3 1
github.com/lucasd-coder/pulseReceiver/internal/domain/usageaggregation/repository/repository.go:85.13,88.3 2 1
github.com/lucasd-coder/pulseReceiver/internal/domain/usageaggregation/repository/repository.go:88.8,91.3 2 1
github.com/lucasd-coder/pulseReceiver/internal/domain/usageaggregation/repository/repository.go:93.2,97.24 1 1
github.com/lucasd-coder/pulseReceiver/internal/provider/migrations/migrations.go:9.33,12.2 1 0
github.com/lucasd-coder/pulseReceiver/internal/inject/wire_gen.go:25.49,33.2 7 0
github.com/lucasd-coder/pulseReceiver/internal/inject/wire_gen.go:35.63,42.2 6 0
github.com/lucasd-coder/pulseReceiver/internal/inject/wire_gen.go:44.84,52.2 7 0
github.com/lucasd-coder/pulseReceiver/internal/domain/usageaggregation/service/service.go:28.86,35.16 5 0
github.com/lucasd-coder/pulseReceiver/internal/domain/usageaggregation/service/service.go:35.16,38.3 2 0
github.com/lucasd-coder/pulseReceiver/internal/domain/usageaggregation/service/service.go:39.2,44.3 1 0
github.com/lucasd-coder/pulseReceiver/internal/domain/usageaggregation/service/usageaggregation_service.go:13.89,17.53 3 1
github.com/lucasd-coder/pulseReceiver/internal/domain/usageaggregation/service/usageaggregation_service.go:17.53,20.3 2 1
github.com/lucasd-coder/pulseReceiver/internal/domain/usageaggregation/service/usageaggregation_service.go:22.2,23.16 2 1
github.com/lucasd-coder/pulseReceiver/internal/domain/usageaggregation/service/usageaggregation_service.go:23.16,25.3 1 1
github.com/lucasd-coder/pulseReceiver/internal/domain/usageaggregation/service/usageaggregation_service.go:27.2,37.80 3 1
github.com/lucasd-coder/pulseReceiver/internal/domain/usageaggregation/service/usageaggregation_service.go:37.80,40.3 2 1
github.com/lucasd-coder/pulseReceiver/internal/domain/usageaggregation/service/usageaggregation_service.go:42.2,43.69 2 1
github.com/lucasd-coder/pulseReceiver/internal/domain/usageaggregation/service/usageaggregation_service.go:43.69,46.3 2 1
github.com/lucasd-coder/pulseReceiver/internal/domain/usageaggregation/service/usageaggregation_service.go:48.2,49.12 2 1
github.com/lucasd-coder/pulseReceiver/internal/domain/usageaggregation/service/usageaggregation_service.go:52.137,54.16 2 1
github.com/lucasd-coder/pulseReceiver/internal/domain/usageaggregation/service/usageaggregation_service.go:54.16,56.3 1 1
github.com/lucasd-coder/pulseReceiver/internal/domain/usageaggregation/service/usageaggregation_service.go:57.2,58.22 2 1
github.com/lucasd-coder/pulseReceiver/internal/domain/usageaggregation/service/usageaggregation_service.go:58.22,60.3 1 1
github.com/lucasd-coder/pulseReceiver/internal/domain/usageaggregation/service/usageaggregation_service.go:62.2,62.31 1 0
github.com/lucasd-coder/pulseReceiver/internal/domain/usageaggregation/service/usageaggregation_service.go:62.31,65.3 2 0
github.com/lucasd-coder/pulseReceiver/internal/domain/usageaggregation/service/usageaggregation_service.go:67.2,67.22 1 0
github.com/lucasd-coder/pulseReceiver/internal/domain/usageaggregation/service/usageaggregation_service.go:70.60,79.16 6 0
github.com/lucasd-coder/pulseReceiver/internal/domain/usageaggregation/service/usageaggregation_service.go:79.16,82.3 2 0
github.com/lucasd-coder/pulseReceiver/internal/domain/usageaggregation/service/usageaggregation_service.go:84.2,84.23 1 0
github.com/lucasd-coder/pulseReceiver/internal/domain/usageaggregation/service/usageaggregation_service.go:84.23,87.3 2 0
github.com/lucasd-coder/pulseReceiver/internal/domain/usageaggregation/service/usageaggregation_service.go:89.2,89.33 1 0
github.com/lucasd-coder/pulseReceiver/internal/domain/usageaggregation/service/usageaggregation_service.go:89.33,91.17 2 0
github.com/lucasd-coder/pulseReceiver/internal/domain/usageaggregation/service/usageaggregation_service.go:91.17,98.12 2 0
github.com/lucasd-coder/pulseReceiver/internal/domain/usageaggregation/service/usageaggregation_service.go:101.3,102.17 2 0
github.com/lucasd-coder/pulseReceiver/internal/domain/usageaggregation/service/usageaggregation_service.go:102.17,111.91 3 0
github.com/lucasd-coder/pulseReceiver/internal/domain/usageaggregation/service/usageaggregation_service.go:111.91,118.5 1 0
github.com/lucasd-coder/pulseReceiver/internal/domain/usageaggregation/service/usageaggregation_service.go:119.4,119.12 1 0
github.com/lucasd-coder/pulseReceiver/internal/domain/usageaggregation/service/usageaggregation_service.go:122.3,122.88 1 0
github.com/lucasd-coder/pulseReceiver/internal/domain/usageaggregation/service/usageaggregation_service.go:122.88,129.4 1 0
github.com/lucasd-coder/pulseReceiver/internal/domain/usageaggregation/service/usageaggregation_service.go:131.3,135.44 1 0
github.com/lucasd-coder/pulseReceiver/internal/mocks/interfaces_mock.go:33.97,37.2 3 0
github.com/lucasd-coder/pulseReceiver/internal/mocks/interfaces_mock.go:40.95,42.2 1 0
github.com/lucasd-coder/pulseReceiver/internal/mocks/interfaces_mock.go:45.120,51.2 5 0
github.com/lucasd-coder/pulseReceiver/internal/mocks/interfaces_mock.go:54.89,57.2 2 0
github.com/lucasd-coder/pulseReceiver/internal/mocks/interfaces_mock.go:60.153,66.2 5 0
github.com/lucasd-coder/pulseReceiver/internal/mocks/interfaces_mock.go:69.115,72.2 2 0
github.com/lucasd-coder/pulseReceiver/internal/mocks/interfaces_mock.go:75.116,80.2 4 0
github.com/lucasd-coder/pulseReceiver/internal/mocks/interfaces_mock.go:83.89,86.2 2 0
github.com/lucasd-coder/pulseReceiver/internal/mocks/interfaces_mock.go:89.172,94.2 4 0
github.com/lucasd-coder/pulseReceiver/internal/mocks/interfaces_mock.go:97.132,100.2 2 0
github.com/lucasd-coder/pulseReceiver/internal/mocks/interfaces_mock.go:115.91,119.2 3 0
github.com/lucasd-coder/pulseReceiver/internal/mocks/interfaces_mock.go:122.89,124.2 1 0
github.com/lucasd-coder/pulseReceiver/internal/mocks/interfaces_mock.go:127.105,132.2 4 0
github.com/lucasd-coder/pulseReceiver/internal/mocks/interfaces_mock.go:135.88,138.2 2 0
github.com/lucasd-coder/pulseReceiver/internal/mocks/shared_mock.go:32.63,36.2 3 0
github.com/lucasd-coder/pulseReceiver/internal/mocks/shared_mock.go:39.61,41.2 1 0
github.com/lucasd-coder/pulseReceiver/internal/mocks/shared_mock.go:44.53,49.2 4 0
github.com/lucasd-coder/pulseReceiver/internal/mocks/shared_mock.go:52.73,55.2 2 0
github.com/lucasd-coder/pulseReceiver/internal/mocks/shared_mock.go:70.63,74.2 3 0
github.com/lucasd-coder/pulseReceiver/internal/mocks/shared_mock.go:77.61,79.2 1 0
github.com/lucasd-coder/pulseReceiver/internal/mocks/shared_mock.go:82.72,87.2 4 0
github.com/lucasd-coder/pulseReceiver/internal/mocks/shared_mock.go:90.73,93.2 2 0
github.com/lucasd-coder/pulseReceiver/internal/mocks/usegeaggregationhistory_interfaces_mock.go:33.111,37.2 3 0
github.com/lucasd-coder/pulseReceiver/internal/mocks/usegeaggregationhistory_interfaces_mock.go:40.109,42.2 1 0
github.com/lucasd-coder/pulseReceiver/internal/mocks/usegeaggregationhistory_interfaces_mock.go:45.137,50.2 4 0
github.com/lucasd-coder/pulseReceiver/internal/mocks/usegeaggregationhistory_interfaces_mock.go:53.96,56.2 2 0
github.com/lucasd-coder/pulseReceiver/internal/processor/processor.go:11.96,13.2 1 0
github.com/lucasd-coder/pulseReceiver/internal/processor/processor_usageaggregation.go:11.84,16.54 4 0
github.com/lucasd-coder/pulseReceiver/internal/processor/processor_usageaggregation.go:16.54,19.3 2 0
github.com/lucasd-coder/pulseReceiver/internal/processor/processor_usageaggregation.go:20.2,21.53 2 0
github.com/lucasd-coder/pulseReceiver/internal/provider/logger/slog.go:24.33,25.14 1 0
github.com/lucasd-coder/pulseReceiver/internal/provider/logger/slog.go:25.14,27.3 1 0
github.com/lucasd-coder/pulseReceiver/internal/provider/logger/slog.go:28.2,28.10 1 0
github.com/lucasd-coder/pulseReceiver/internal/provider/logger/slog.go:31.37,45.2 6 0
github.com/lucasd-coder/pulseReceiver/internal/provider/logger/slog.go:47.42,48.21 1 0
github.com/lucasd-coder/pulseReceiver/internal/provider/logger/slog.go:49.14,50.24 1 0
github.com/lucasd-coder/pulseReceiver/internal/provider/logger/slog.go:51.15,52.25 1 0
github.com/lucasd-coder/pulseReceiver/internal/provider/logger/slog.go:53.15,54.25 1 0
github.com/lucasd-coder/pulseReceiver/internal/provider/logger/slog.go:55.14,56.24 1 0
github.com/lucasd-coder/pulseReceiver/internal/provider/logger/slog.go:57.10,58.24 1 0
github.com/lucasd-coder/pulseReceiver/internal/provider/logger/slog.go:66.45,68.2 1 0
github.com/lucasd-coder/pulseReceiver/internal/provider/logger/slog.go:70.49,72.2 1 0
github.com/lucasd-coder/pulseReceiver/internal/provider/logger/slog.go:74.45,76.2 1 0
github.com/lucasd-coder/pulseReceiver/internal/provider/logger/slog.go:78.49,80.2 1 0
github.com/lucasd-coder/pulseReceiver/internal/provider/logger/slog.go:82.46,84.2 1 0
github.com/lucasd-coder/pulseReceiver/internal/provider/logger/slog.go:86.50,88.2 1 0
github.com/lucasd-coder/pulseReceiver/internal/provider/logger/slog.go:90.46,92.2 1 0
github.com/lucasd-coder/pulseReceiver/internal/provider/logger/slog.go:94.50,96.2 1 0
github.com/lucasd-coder/pulseReceiver/internal/provider/logger/slog.go:98.46,103.2 2 0
github.com/lucasd-coder/pulseReceiver/internal/provider/jobscheduled/jobscheduler.go:21.48,22.31 1 0
github.com/lucasd-coder/pulseReceiver/internal/provider/jobscheduled/jobscheduler.go:22.31,24.20 2 0
github.com/lucasd-coder/pulseReceiver/internal/provider/jobscheduled/jobscheduler.go:24.20,24.34 2 0
github.com/lucasd-coder/pulseReceiver/internal/provider/jobscheduled/jobscheduler.go:27.2,29.15 2 0
github.com/lucasd-coder/pulseReceiver/internal/provider/jobscheduled/jobscheduler.go:29.15,30.17 1 0
github.com/lucasd-coder/pulseReceiver/internal/provider/jobscheduled/jobscheduler.go:30.17,33.4 2 0
github.com/lucasd-coder/pulseReceiver/internal/provider/jobscheduled/jobscheduler.go:36.2,36.19 1 0
github.com/lucasd-coder/pulseReceiver/internal/provider/jobscheduled/jobscheduler.go:36.20,36.21 0 0
github.com/lucasd-coder/pulseReceiver/internal/provider/jobscheduled/jobscheduler.go:38.2,39.16 2 0
github.com/lucasd-coder/pulseReceiver/internal/provider/jobscheduled/jobscheduler.go:39.16,41.3 1 0
github.com/lucasd-coder/pulseReceiver/internal/provider/jobscheduled/jobscheduler.go:42.2,42.20 1 0
github.com/lucasd-coder/pulseReceiver/internal/provider/jobscheduled/jobscheduler.go:42.20,43.54 1 0
github.com/lucasd-coder/pulseReceiver/internal/provider/jobscheduled/jobscheduler.go:43.54,45.4 1 0
github.com/lucasd-coder/pulseReceiver/internal/provider/jobscheduled/jobscheduler.go:48.2,54.17 2 0
github.com/lucasd-coder/pulseReceiver/internal/provider/jobscheduled/jobscheduler.go:57.57,66.16 5 0
github.com/lucasd-coder/pulseReceiver/internal/provider/jobscheduled/jobscheduler.go:66.16,68.3 1 0
github.com/lucasd-coder/pulseReceiver/internal/provider/jobscheduled/jobscheduler.go:69.2,76.12 5 0
github.com/lucasd-coder/pulseReceiver/internal/provider/postgres/postgres.go:23.42,26.2 1 0
github.com/lucasd-coder/pulseReceiver/internal/provider/postgres/postgres.go:28.61,32.2 3 0
github.com/lucasd-coder/pulseReceiver/internal/provider/postgres/postgres.go:34.61,35.21 1 0
github.com/lucasd-coder/pulseReceiver/internal/provider/postgres/postgres.go:35.21,39.30 2 0
github.com/lucasd-coder/pulseReceiver/internal/provider/postgres/postgres.go:39.30,41.5 1 0
github.com/lucasd-coder/pulseReceiver/internal/provider/postgres/postgres.go:43.3,43.17 1 0
github.com/lucasd-coder/pulseReceiver/internal/provider/postgres/postgres.go:43.17,46.4 2 0
github.com/lucasd-coder/pulseReceiver/internal/provider/postgres/postgres.go:48.3,49.17 2 0
github.com/lucasd-coder/pulseReceiver/internal/provider/postgres/postgres.go:49.17,52.4 2 0
github.com/lucasd-coder/pulseReceiver/internal/provider/postgres/postgres.go:54.3,59.31 4 0
github.com/lucasd-coder/pulseReceiver/internal/provider/postgres/postgres.go:62.2,62.16 1 0
github.com/lucasd-coder/pulseReceiver/internal/provider/postgres/postgres.go:65.24,66.15 1 0
github.com/lucasd-coder/pulseReceiver/internal/provider/postgres/postgres.go:66.15,68.3 1 0
github.com/lucasd-coder/pulseReceiver/internal/provider/postgres/postgres.go:70.2,71.16 2 0
github.com/lucasd-coder/pulseReceiver/internal/provider/postgres/postgres.go:71.16,73.3 1 0
github.com/lucasd-coder/pulseReceiver/internal/provider/postgres/postgres.go:75.2,75.22 1 0
github.com/lucasd-coder/pulseReceiver/internal/provider/postgres/postgres.go:78.25,80.2 1 0
github.com/lucasd-coder/pulseReceiver/internal/provider/kafka/publisher.go:24.66,25.21 1 0
github.com/lucasd-coder/pulseReceiver/internal/provider/kafka/publisher.go:25.21,32.17 2 0
github.com/lucasd-coder/pulseReceiver/internal/provider/kafka/publisher.go:32.17,35.4 2 0
github.com/lucasd-coder/pulseReceiver/internal/provider/kafka/publisher.go:37.3,40.4 2 0
github.com/lucasd-coder/pulseReceiver/internal/provider/kafka/publisher.go:43.2,43.27 1 0
github.com/lucasd-coder/pulseReceiver/internal/provider/kafka/publisher.go:46.68,54.58 3 0
github.com/lucasd-coder/pulseReceiver/internal/provider/kafka/publisher.go:54.58,56.3 1 0
github.com/lucasd-coder/pulseReceiver/internal/provider/kafka/publisher.go:58.2,58.9 1 0
github.com/lucasd-coder/pulseReceiver/internal/provider/kafka/publisher.go:59.27,61.10 2 0
github.com/lucasd-coder/pulseReceiver/internal/provider/kafka/publisher.go:61.10,63.4 1 0
github.com/lucasd-coder/pulseReceiver/internal/provider/kafka/publisher.go:64.3,64.36 1 0
github.com/lucasd-coder/pulseReceiver/internal/provider/kafka/publisher.go:64.36,66.4 1 0
github.com/lucasd-coder/pulseReceiver/internal/provider/kafka/publisher.go:67.3,67.92 1 0
github.com/lucasd-coder/pulseReceiver/internal/provider/kafka/publisher.go:68.20,69.19 1 0
github.com/lucasd-coder/pulseReceiver/internal/provider/kafka/publisher.go:72.2,72.12 1 0
github.com/lucasd-coder/pulseReceiver/internal/provider/kafka/publisher.go:75.22,76.21 1 0
github.com/lucasd-coder/pulseReceiver/internal/provider/kafka/publisher.go:76.21,78.3 1 0
github.com/lucasd-coder/pulseReceiver/internal/provider/kafka/publisher.go:80.2,80.18 1 0
github.com/lucasd-coder/pulseReceiver/internal/provider/kafka/subscription.go:26.94,27.31 1 0
github.com/lucasd-coder/pulseReceiver/internal/provider/kafka/subscription.go:27.31,29.20 2 0
github.com/lucasd-coder/pulseReceiver/internal/provider/kafka/subscription.go:29.20,29.34 2 0
github.com/lucasd-coder/pulseReceiver/internal/provider/kafka/subscription.go:32.2,32.15 1 0
github.com/lucasd-coder/pulseReceiver/internal/provider/kafka/subscription.go:32.15,33.17 1 0
github.com/lucasd-coder/pulseReceiver/internal/provider/kafka/subscription.go:33.17,36.4 2 0
github.com/lucasd-coder/pulseReceiver/internal/provider/kafka/subscription.go:39.2,39.19 1 0
github.com/lucasd-coder/pulseReceiver/internal/provider/kafka/subscription.go:39.20,39.21 0 0
github.com/lucasd-coder/pulseReceiver/internal/provider/kafka/subscription.go:41.2,50.16 2 0
github.com/lucasd-coder/pulseReceiver/internal/provider/kafka/subscription.go:50.16,52.3 1 0
github.com/lucasd-coder/pulseReceiver/internal/provider/kafka/subscription.go:53.2,53.20 1 0
github.com/lucasd-coder/pulseReceiver/internal/provider/kafka/subscription.go:53.20,54.42 1 0
github.com/lucasd-coder/pulseReceiver/internal/provider/kafka/subscription.go:54.42,56.4 1 0
github.com/lucasd-coder/pulseReceiver/internal/provider/kafka/subscription.go:59.2,61.34 2 0
github.com/lucasd-coder/pulseReceiver/internal/provider/kafka/subscription.go:61.34,64.3 2 0
github.com/lucasd-coder/pulseReceiver/internal/provider/kafka/subscription.go:65.2,71.17 1 0
github.com/lucasd-coder/pulseReceiver/internal/provider/kafka/subscription.go:74.57,85.38 8 0
github.com/lucasd-coder/pulseReceiver/internal/provider/kafka/subscription.go:85.38,87.3 1 0
github.com/lucasd-coder/pulseReceiver/internal/provider/kafka/subscription.go:89.2,89.12 1 0
github.com/lucasd-coder/pulseReceiver/internal/provider/kafka/subscription.go:89.12,92.3 2 0
github.com/lucasd-coder/pulseReceiver/internal/provider/kafka/subscription.go:94.2,95.12 2 0
github.com/lucasd-coder/pulseReceiver/internal/provider/kafka/subscription.go:98.74,105.6 5 0
github.com/lucasd-coder/pulseReceiver/internal/provider/kafka/subscription.go:105.6,106.10 1 0
github.com/lucasd-coder/pulseReceiver/internal/provider/kafka/subscription.go:107.21,109.10 2 0
github.com/lucasd-coder/pulseReceiver/internal/provider/kafka/subscription.go:110.11,111.4 1 0
github.com/lucasd-coder/pulseReceiver/internal/provider/kafka/subscription.go:111.4,112.16 1 0
github.com/lucasd-coder/pulseReceiver/internal/provider/kafka/subscription.go:112.16,114.19 2 0
github.com/lucasd-coder/pulseReceiver/internal/provider/kafka/subscription.go:114.19,115.15 1 0
github.com/lucasd-coder/pulseReceiver/internal/provider/kafka/subscription.go:117.6,117.30 1 0
github.com/lucasd-coder/pulseReceiver/internal/provider/kafka/subscription.go:118.26,120.21 2 0
github.com/lucasd-coder/pulseReceiver/internal/provider/kafka/subscription.go:120.21,122.8 1 0
github.com/lucasd-coder/pulseReceiver/internal/provider/kafka/subscription.go:124.7,124.39 1 0
github.com/lucasd-coder/pulseReceiver/internal/provider/kafka/subscription.go:124.39,126.8 1 0
github.com/lucasd-coder/pulseReceiver/internal/provider/kafka/subscription.go:127.30,128.64 1 0
github.com/lucasd-coder/pulseReceiver/internal/provider/kafka/subscription.go:129.23,130.56 1 0
github.com/lucasd-coder/pulseReceiver/internal/provider/kafka/subscription.go:131.14,132.29 1 0
github.com/lucasd-coder/pulseReceiver/internal/provider/kafka/subscription.go:132.29,135.8 1 0
github.com/lucasd-coder/pulseReceiver/internal/provider/kafka/subscription.go:137.11,138.25 1 0
github.com/lucasd-coder/pulseReceiver/internal/provider/kafka/subscription.go:138.25,141.7 2 0
github.com/lucasd-coder/pulseReceiver/internal/provider/kafka/subscription.go:148.60,150.20 2 0
github.com/lucasd-coder/pulseReceiver/internal/provider/kafka/subscription.go:150.20,153.3 1 0
github.com/lucasd-coder/pulseReceiver/internal/provider/kafka/subscription.go:154.2,154.65 1 0
github.com/lucasd-coder/pulseReceiver/internal/provider/kafka/subscription.go:154.65,157.3 2 0
github.com/lucasd-coder/pulseReceiver/internal/provider/kafka/subscription.go:158.2,158.12 1 0
github.com/lucasd-coder/pulseReceiver/internal/provider/kafka/subscription.go:161.75,162.15 1 0
github.com/lucasd-coder/pulseReceiver/internal/provider/kafka/subscription.go:162.15,163.31 1 0
github.com/lucasd-coder/pulseReceiver/internal/provider/kafka/subscription.go:163.31,165.4 1 0
github.com/lucasd-coder/pulseReceiver/internal/provider/kafka/subscription.go:166.3,166.12 1 0
github.com/lucasd-coder/pulseReceiver/internal/provider/kafka/subscription.go:169.2,175.6 5 0
github.com/lucasd-coder/pulseReceiver/internal/provider/kafka/subscription.go:175.6,176.10 1 0
github.com/lucasd-coder/pulseReceiver/internal/provider/kafka/subscription.go:177.21,178.71 1 0
github.com/lucasd-coder/pulseReceiver/internal/provider/kafka/subscription.go:179.18,180.21 1 0
github.com/lucasd-coder/pulseReceiver/internal/provider/kafka/subscription.go:180.21,181.43 1 0
github.com/lucasd-coder/pulseReceiver/internal/provider/kafka/subscription.go:181.43,183.6 1 0
github.com/lucasd-coder/pulseReceiver/internal/provider/kafka/subscription.go:184.5,184.17 1 0
github.com/lucasd-coder/pulseReceiver/internal/provider/kafka/subscription.go:186.4,186.29 1 0
github.com/lucasd-coder/pulseReceiver/internal/provider/kafka/subscription.go:187.27,188.11 1 0
github.com/lucasd-coder/pulseReceiver/internal/provider/kafka/subscription.go:188.11,191.5 2 0
github.com/lucasd-coder/pulseReceiver/internal/provider/kafka/subscription.go:192.4,192.52 1 0
github.com/lucasd-coder/pulseReceiver/internal/provider/kafka/subscription.go:192.52,194.13 2 0
github.com/lucasd-coder/pulseReceiver/internal/provider/kafka/subscription.go:196.4,197.42 2 0
github.com/lucasd-coder/pulseReceiver/internal/provider/kafka/subscription.go:197.42,198.43 1 0
github.com/lucasd-coder/pulseReceiver/internal/provider/kafka/subscription.go:198.43,200.14 2 0
github.com/lucasd-coder/pulseReceiver/internal/provider/kafka/subscription.go:202.5,203.30 2 0
github.com/lucasd-coder/pulseReceiver/internal/provider/kafka/subscription.go:209.64,210.24 1 0
github.com/lucasd-coder/pulseReceiver/internal/provider/kafka/subscription.go:211.32,215.17 3 0
github.com/lucasd-coder/pulseReceiver/internal/provider/kafka/subscription.go:215.17,217.4 1 0
github.com/lucasd-coder/pulseReceiver/internal/provider/kafka/subscription.go:218.31,222.25 2 0
github.com/lucasd-coder/pulseReceiver/internal/provider/kafka/subscription.go:222.25,224.4 1 0
github.com/lucasd-coder/pulseReceiver/internal/provider/kafka/subscription.go:228.3,230.66 2 0
github.com/lucasd-coder/pulseReceiver/internal/provider/kafka/subscription.go:230.66,233.4 2 0
github.com/lucasd-coder/pulseReceiver/internal/provider/kafka/subscription.go:234.3,234.88 1 0
github.com/lucasd-coder/pulseReceiver/internal/provider/kafka/subscription.go:235.10,236.60 1 0
github.com/lucasd-coder/pulseReceiver/internal/provider/kafka/subscription.go:239.2,239.12 1 0
github.com/lucasd-coder/pulseReceiver/internal/provider/middleware/logger.go:13.55,14.53 1 0
github.com/lucasd-coder/pulseReceiver/internal/provider/middleware/logger.go:14.53,27.25 5 0
github.com/lucasd-coder/pulseReceiver/internal/provider/middleware/logger.go:27.25,29.4 1 0
github.com/lucasd-coder/pulseReceiver/internal/provider/middleware/logger.go:31.3,33.16 2 0
github.com/lucasd-coder/pulseReceiver/internal/provider/middleware/logger.go:33.16,35.36 2 0
github.com/lucasd-coder/pulseReceiver/internal/provider/middleware/logger.go:35.36,42.15 2 0
github.com/lucasd-coder/pulseReceiver/internal/provider/middleware/logger.go:46.3,61.27 7 0
github.com/lucasd-coder/pulseReceiver/internal/provider/middleware/logger.go:61.27,62.36 1 0
github.com/lucasd-coder/pulseReceiver/internal/provider/middleware/logger.go:62.36,64.5 1 0
github.com/lucasd-coder/pulseReceiver/internal/provider/middleware/logger.go:65.4,65.22 1 0
github.com/lucasd-coder/pulseReceiver/internal/provider/middleware/logger.go:66.9,68.4 1 0
github.com/lucasd-coder/pulseReceiver/internal/provider/middleware/logger.go:71.2,71.29 1 0
github.com/lucasd-coder/pulseReceiver/internal/domain/usageaggregationhistory/repository/repository.go:14.93,18.2 1 1
github.com/lucasd-coder/pulseReceiver/internal/domain/usageaggregationhistory/repository/repository.go:20.133,22.2 1 1
github.com/lucasd-coder/pulseReceiver/internal/server/server.go:21.59,45.12 13 0
github.com/lucasd-coder/pulseReceiver/internal/server/server.go:45.12,46.44 1 0
github.com/lucasd-coder/pulseReceiver/internal/server/server.go:46.44,48.4 1 0
github.com/lucasd-coder/pulseReceiver/internal/server/server.go:50.2,58.24 7 0
github.com/lucasd-coder/pulseReceiver/internal/subscription/pulseReceiver.go:12.52,21.16 6 0
github.com/lucasd-coder/pulseReceiver/internal/subscription/pulseReceiver.go:21.16,23.3 1 0
github.com/lucasd-coder/pulseReceiver/internal/subscription/pulseReceiver.go:24.2,25.41 2 0
github.com/lucasd-coder/pulseReceiver/internal/subscription/pulseReceiver.go:25.41,27.3 1 0
github.com/lucasd-coder/pulseReceiver/internal/subscription/pulseReceiver.go:28.2,28.12 1 0
github.com/lucasd-coder/pulseReceiver/internal/subscription/subscription.go:5.39,6.48 1 0
github.com/lucasd-coder/pulseReceiver/internal/subscription/subscription.go:6.48,8.3 1 0
github.com/lucasd-coder/pulseReceiver/internal/subscription/subscription.go:10.2,10.12 1 0
github.com/lucasd-coder/pulseReceiver/internal/shared/errors/errors.go:31.40,33.2 1 0
github.com/lucasd-coder/pulseReceiver/internal/shared/errors/errors.go:35.59,42.2 1 0
github.com/lucasd-coder/pulseReceiver/internal/shared/errors/errors.go:44.61,47.2 2 0
github.com/lucasd-coder/pulseReceiver/internal/shared/errors/errors.go:49.42,53.9 3 0
github.com/lucasd-coder/pulseReceiver/internal/shared/errors/errors.go:54.27,56.24 2 0
github.com/lucasd-coder/pulseReceiver/internal/shared/errors/errors.go:56.24,58.4 1 0
github.com/lucasd-coder/pulseReceiver/internal/shared/errors/errors.go:59.39,60.63 1 0
github.com/lucasd-coder/pulseReceiver/internal/shared/errors/errors.go:61.10,62.74 1 0
github.com/lucasd-coder/pulseReceiver/internal/shared/errors/errors.go:65.2,65.16 1 0
github.com/lucasd-coder/pulseReceiver/internal/shared/errors/errors.go:68.37,75.25 4 0
github.com/lucasd-coder/pulseReceiver/internal/shared/errors/errors.go:75.25,77.3 1 0
github.com/lucasd-coder/pulseReceiver/internal/shared/errors/errors.go:79.2,79.49 1 0
github.com/lucasd-coder/pulseReceiver/internal/shared/errors/errors.go:79.49,81.3 1 0
github.com/lucasd-coder/pulseReceiver/internal/shared/errors/errors.go:83.2,83.20 1 0
github.com/lucasd-coder/pulseReceiver/internal/scheduledtaskrunner/scheduledtaskrunner.go:5.39,6.52 1 0
github.com/lucasd-coder/pulseReceiver/internal/scheduledtaskrunner/scheduledtaskrunner.go:6.52,8.3 1 0
github.com/lucasd-coder/pulseReceiver/internal/scheduledtaskrunner/scheduledtaskrunner.go:10.2,10.12 1 0
github.com/lucasd-coder/pulseReceiver/internal/scheduledtaskrunner/startdispatchscheduler.go:11.56,17.16 4 0
github.com/lucasd-coder/pulseReceiver/internal/scheduledtaskrunner/startdispatchscheduler.go:17.16,19.3 1 0
github.com/lucasd-coder/pulseReceiver/internal/scheduledtaskrunner/startdispatchscheduler.go:20.2,21.41 2 0
github.com/lucasd-coder/pulseReceiver/internal/scheduledtaskrunner/startdispatchscheduler.go:21.41,23.3 1 0
github.com/lucasd-coder/pulseReceiver/internal/scheduledtaskrunner/startdispatchscheduler.go:24.2,24.12 1 0
github.com/lucasd-coder/pulseReceiver/internal/provider/validator/validator.go:14.34,16.2 1 1
github.com/lucasd-coder/pulseReceiver/internal/provider/validator/validator.go:18.58,22.2 2 1
github.com/lucasd-coder/pulseReceiver/internal/provider/validator/validator.go:24.33,25.19 1 1
github.com/lucasd-coder/pulseReceiver/internal/provider/validator/validator.go:25.19,27.3 1 1
github.com/lucasd-coder/pulseReceiver/internal/shared/shared.go:20.53,25.2 1 0
github.com/lucasd-coder/pulseReceiver/internal/shared/shared.go:37.64,47.2 1 0
